// Jest Snapshot v1, https://goo.gl/fbAQLP

exports[`should test Todocomponent 1`] = `
<div
  className="todo-item"
>
  <h2>
    Read  News Papers
  </h2>
</div>
`;
